{
    "cpu_cores": 2,
    "cpu_model": "13th Gen Intel(R) Core(TM) i5-13420H",
    "datetime": "Fri 03 Jul 2026 04:18:57 PM UTC",
    "disk": [
        "Filesystem      Size  Used Avail Use% Mounted on",
        "udev            1.9G     0  1.9G   0% /dev",
        "tmpfs           394M  1.3M  393M   1% /run",
        "/dev/sda5        31G   17G   13G  58% /",
        "tmpfs           2.0G     0  2.0G   0% /dev/shm",
        "tmpfs           5.0M     0  5.0M   0% /run/lock",
        "tmpfs           2.0G     0  2.0G   0% /sys/fs/cgroup",
        "/dev/loop2      495M  495M     0 100% /snap/code/243",
        "/dev/loop0      128K  128K     0 100% /snap/bare/5",
        "/dev/loop3      186M  186M     0 100% /snap/chromium/3479",
        "/dev/loop1       45M   45M     0 100% /snap/binwalk/2",
        "/dev/loop4      185M  185M     0 100% /snap/chromium/3423",
        "/dev/loop5       55M   55M     0 100% /snap/core18/1754",
        "/dev/loop6       74M   74M     0 100% /snap/core22/2411",
        "/dev/loop7       67M   67M     0 100% /snap/core24/1587",
        "/dev/loop8       67M   67M     0 100% /snap/core24/1643",
        "/dev/loop9       92M   92M     0 100% /snap/gtk-common-themes/1535",
        "/dev/loop10     164M  164M     0 100% /snap/postman/113",
        "/dev/loop11      88M   88M     0 100% /snap/drawio/33",
        "/dev/loop12      50M   50M     0 100% /snap/snapd/26865",
        "/dev/loop14     162M  162M     0 100% /snap/gnome-3-28-1804/128",
        "/dev/loop13      48M   48M     0 100% /snap/cups/1206",
        "/dev/loop15     106M  106M     0 100% /snap/core/17284",
        "/dev/loop17     395M  395M     0 100% /snap/mesa-2404/1165",
        "/dev/loop16     2.7M  2.7M     0 100% /snap/upx/1",
        "/dev/loop18      64M   64M     0 100% /snap/core20/2866",
        "/dev/loop19     175M  175M     0 100% /snap/postman/360",
        "/dev/loop20      36M   36M     0 100% /snap/tesseract/2507",
        "/dev/loop21     165M  165M     0 100% /snap/gnome-3-28-1804/198",
        "/dev/loop22     106M  106M     0 100% /snap/core/17292",
        "/dev/loop23      81M   81M     0 100% /snap/ffmpeg/1286",
        "/dev/loop26     607M  607M     0 100% /snap/gnome-46-2404/153",
        "/dev/loop24      49M   49M     0 100% /snap/snapd/26382",
        "/dev/loop25     443M  443M     0 100% /snap/code/248",
        "/dev/loop28      56M   56M     0 100% /snap/core18/2999",
        "/dev/loop27      64M   64M     0 100% /snap/core20/2769",
        "/dev/loop29      50M   50M     0 100% /snap/cups/1183",
        "/dev/loop30     128M  128M     0 100% /snap/drawio/255",
        "/dev/loop31      63M   63M     0 100% /snap/gtk-common-themes/1506",
        "/dev/sda1       511M  4.0K  511M   1% /boot/efi",
        "tmpfs           394M   20K  394M   1% /run/user/900"
    ],
    "hostname": "labvm",
    "logged_in_users": [
        "devasc   tty7         2026-07-03 14:51 (:0)",
        "devasc   pts/1        2026-07-03 15:05 (192.168.56.102)",
        "devasc   pts/2        2026-07-03 16:18 (192.168.56.1)"
    ],
    "memory": [
        "              total        used        free      shared  buff/cache   available",
        "Mem:          3.8Gi       612Mi       2.0Gi        11Mi       1.2Gi       3.0Gi",
        "Swap:         2.0Gi          0B       2.0Gi"
    ],
    "top_processes": [
        "USER         PID %CPU %MEM    VSZ   RSS TTY      STAT START   TIME COMMAND",
        "devasc      5971 44.0  0.5  33632 21848 pts/2    S+   16:18   0:00 /usr/bin/python3.8 /home/devasc/.ansible/tmp/ansible-tmp-1783095540.3186922-694-255412277854907/AnsiballZ_command.py",
        "root        2386  1.0  2.1 594868 88616 tty7     Ssl+ 14:51   0:54 /usr/lib/xorg/Xorg -core :0 -seat seat0 -auth /var/run/lightdm/root/:0 -nolisten tcp vt7 -novtswitch",
        "devasc      2811  0.8  0.6 340344 25496 ?        Sl   14:51   0:41 /usr/lib/mate-applets/mate-multiload-applet",
        "devasc      2562  0.6  0.0 155320  2664 ?        Sl   14:51   0:36 /usr/bin/VBoxClient --draganddrop",
        "devasc      5330  0.6  0.1  14284  6828 ?        S    16:16   0:00 sshd: devasc@pts/2"
    ]
}