{
    "cpu_cores": 2,
    "cpu_model": "13th Gen Intel(R) Core(TM) i5-13420H",
    "datetime": "Sat 04 Jul 2026 11:32:31 AM UTC",
    "disk": [
        "Filesystem      Size  Used Avail Use% Mounted on",
        "udev            1.9G     0  1.9G   0% /dev",
        "tmpfs           394M  1.3M  393M   1% /run",
        "/dev/sda5        31G   17G   13G  58% /",
        "tmpfs           2.0G     0  2.0G   0% /dev/shm",
        "tmpfs           5.0M     0  5.0M   0% /run/lock",
        "tmpfs           2.0G     0  2.0G   0% /sys/fs/cgroup",
        "/dev/loop2      495M  495M     0 100% /snap/code/243",
        "/dev/loop0      128K  128K     0 100% /snap/bare/5",
        "/dev/loop1       45M   45M     0 100% /snap/binwalk/2",
        "/dev/loop3      443M  443M     0 100% /snap/code/248",
        "/dev/loop4      106M  106M     0 100% /snap/core/17284",
        "/dev/loop5      186M  186M     0 100% /snap/chromium/3479",
        "/dev/loop6      106M  106M     0 100% /snap/core/17292",
        "/dev/loop7      185M  185M     0 100% /snap/chromium/3423",
        "/dev/loop8       56M   56M     0 100% /snap/core18/2999",
        "/dev/loop9       64M   64M     0 100% /snap/core20/2866",
        "/dev/loop10      74M   74M     0 100% /snap/core22/2411",
        "/dev/loop11     128M  128M     0 100% /snap/drawio/255",
        "/dev/loop12      55M   55M     0 100% /snap/core18/1754",
        "/dev/loop13     607M  607M     0 100% /snap/gnome-46-2404/153",
        "/dev/loop14      92M   92M     0 100% /snap/gtk-common-themes/1535",
        "/dev/loop15      63M   63M     0 100% /snap/gtk-common-themes/1506",
        "/dev/loop17     162M  162M     0 100% /snap/gnome-3-28-1804/128",
        "/dev/loop16     395M  395M     0 100% /snap/mesa-2404/1165",
        "/dev/loop18     164M  164M     0 100% /snap/postman/113",
        "/dev/loop19      48M   48M     0 100% /snap/cups/1206",
        "/dev/loop20      67M   67M     0 100% /snap/core24/1643",
        "/dev/loop21     165M  165M     0 100% /snap/gnome-3-28-1804/198",
        "/dev/loop22      49M   49M     0 100% /snap/snapd/26382",
        "/dev/loop23      64M   64M     0 100% /snap/core20/2769",
        "/dev/loop24      36M   36M     0 100% /snap/tesseract/2507",
        "/dev/loop25      67M   67M     0 100% /snap/core24/1587",
        "/dev/loop27      50M   50M     0 100% /snap/snapd/26865",
        "/dev/loop28      81M   81M     0 100% /snap/ffmpeg/1286",
        "/dev/loop26     175M  175M     0 100% /snap/postman/360",
        "/dev/loop29      50M   50M     0 100% /snap/cups/1183",
        "/dev/loop30      88M   88M     0 100% /snap/drawio/33",
        "/dev/loop31     2.7M  2.7M     0 100% /snap/upx/1",
        "/dev/sda1       511M  4.0K  511M   1% /boot/efi",
        "tmpfs           394M   16K  394M   1% /run/user/900"
    ],
    "hostname": "labvm",
    "logged_in_users": [
        "devasc   tty7         2026-07-04 11:15 (:0)",
        "devasc   pts/0        2026-07-04 11:32 (192.168.56.1)"
    ],
    "memory": [
        "              total        used        free      shared  buff/cache   available",
        "Mem:          3.8Gi       593Mi       2.2Gi       9.0Mi       1.0Gi       3.0Gi",
        "Swap:         2.0Gi          0B       2.0Gi"
    ],
    "top_processes": [
        "USER         PID %CPU %MEM    VSZ   RSS TTY      STAT START   TIME COMMAND",
        "devasc      3652  3.7  0.1  14124  6628 ?        S    11:32   0:00 sshd: devasc@pts/0",
        "root        2320  1.6  2.0 570368 82896 tty7     Ssl+ 11:15   0:16 /usr/lib/xorg/Xorg -core :0 -seat seat0 -auth /var/run/lightdm/root/:0 -nolisten tcp vt7 -novtswitch",
        "devasc      2750  1.2  0.6 340316 25636 ?        Sl   11:15   0:13 /usr/lib/mate-applets/mate-multiload-applet",
        "root        2002  0.8  0.8 121504 35828 ?        Sl   11:14   0:08 /opt/API-SIMULATOR/venv/bin/python api-simulator.py",
        "devasc      2500  0.8  0.0 155320  2704 ?        Sl   11:15   0:08 /usr/bin/VBoxClient --draganddrop"
    ]
}